// Jest Snapshot v1, https://goo.gl/fbAQLP

exports[`should render 1`] = `
<Router
  history={
    Object {
      "action": "POP",
      "block": [Function],
      "createHref": [Function],
      "go": [Function],
      "goBack": [Function],
      "goForward": [Function],
      "length": 1,
      "listen": [Function],
      "location": Object {
        "hash": "",
        "pathname": "/",
        "search": "",
        "state": undefined,
      },
      "push": [Function],
      "replace": [Function],
    }
  }
>
  <Nav />
  <Switch>
    <Route
      component={[Function]}
      path="/home"
    />
    <Route
      component={[Function]}
      path="/basic"
    />
    <Route
      component={[Function]}
      path="/custom-styling"
    />
    <Route
      component={[Function]}
      path="/pixabay-search"
    />
    <Redirect
      to="/home"
    />
  </Switch>
</Router>
`;
