// Jest Snapshot v1, https://goo.gl/fbAQLP

exports[`Generic Carousel should render 1`] = `<Unknown />`;
